[2026-05-16T13:04:15.534Z] Buscando actividades con código 240202501...
[2026-05-16T13:04:15.594Z] Evidencias encontradas: 24
[2026-05-16T13:04:15.598Z] [matriculados] GET https://zajuna.sena.edu.co/zajuna/grade/report/grader/index.php?id=28221&perpage=5000
[2026-05-16T13:04:18.462Z] [quiz] Report: https://zajuna.sena.edu.co/zajuna/mod/quiz/report.php?id=2294742&mode=overview
[2026-05-16T13:04:19.389Z] [quiz] Filas en reporte: 24
[2026-05-16T13:04:19.391Z] [quiz] Matriculados desde cache: 52
[2026-05-16T13:04:19.392Z] [quiz] Total: 60 (intentaron=17, sin_entregar=43)
[2026-05-16T13:04:19.541Z] Revisando entregas: https://zajuna.sena.edu.co/zajuna/mod/assign/view.php?id=2294743&action=grading
[2026-05-16T13:04:28.535Z] Buscando actividades con código 240202501...
[2026-05-16T13:04:28.577Z] Evidencias encontradas: 24
[2026-05-16T13:04:28.579Z] [matriculados] GET https://zajuna.sena.edu.co/zajuna/grade/report/grader/index.php?id=51083&perpage=5000
[2026-05-16T13:04:34.252Z] [quiz] Report: https://zajuna.sena.edu.co/zajuna/mod/quiz/report.php?id=3615900&mode=overview
[2026-05-16T13:04:35.130Z] [quiz] Filas en reporte: 30
[2026-05-16T13:04:35.132Z] [quiz] Matriculados desde cache: 52
[2026-05-16T13:04:35.132Z] [quiz] Total: 63 (intentaron=24, sin_entregar=39)
[2026-05-16T13:04:35.319Z] Revisando entregas: https://zajuna.sena.edu.co/zajuna/mod/assign/view.php?id=3615901&action=grading
[2026-05-16T13:04:54.392Z] Aprendices encontrados: 52
[2026-05-16T13:04:54.522Z] Revisando entregas: https://zajuna.sena.edu.co/zajuna/mod/assign/view.php?id=2294744&action=grading
[2026-05-16T13:05:02.896Z] Buscando actividades con código 240202501...
[2026-05-16T13:05:02.953Z] Evidencias encontradas: 12
[2026-05-16T13:05:02.955Z] [matriculados] GET https://zajuna.sena.edu.co/zajuna/grade/report/grader/index.php?id=77767&perpage=5000
[2026-05-16T13:05:04.711Z] [quiz] Report: https://zajuna.sena.edu.co/zajuna/mod/quiz/report.php?id=5171529&mode=overview
[2026-05-16T13:05:05.638Z] [quiz] Filas en reporte: 30
[2026-05-16T13:05:05.640Z] [quiz] Matriculados desde cache: 47
[2026-05-16T13:05:05.640Z] [quiz] Total: 55 (intentaron=23, sin_entregar=32)
[2026-05-16T13:05:05.781Z] Revisando entregas: https://zajuna.sena.edu.co/zajuna/mod/assign/view.php?id=5171539&action=grading
[2026-05-16T13:05:07.646Z] Aprendices encontrados: 52
[2026-05-16T13:05:07.767Z] Revisando entregas: https://zajuna.sena.edu.co/zajuna/mod/assign/view.php?id=3615902&action=grading
[2026-05-16T13:05:26.025Z] Aprendices encontrados: 52
[2026-05-16T13:05:26.148Z] [quiz] Report: https://zajuna.sena.edu.co/zajuna/mod/quiz/report.php?id=2294776&mode=overview
[2026-05-16T13:05:27.009Z] [quiz] Filas en reporte: 21
[2026-05-16T13:05:27.010Z] [quiz] Matriculados desde cache: 52
[2026-05-16T13:05:27.011Z] [quiz] Total: 59 (intentaron=16, sin_entregar=43)
[2026-05-16T13:05:27.163Z] Revisando entregas: https://zajuna.sena.edu.co/zajuna/mod/assign/view.php?id=2294777&action=grading
[2026-05-16T13:05:39.535Z] Aprendices encontrados: 52
[2026-05-16T13:05:39.656Z] [quiz] Report: https://zajuna.sena.edu.co/zajuna/mod/quiz/report.php?id=3615932&mode=overview
[2026-05-16T13:05:40.643Z] [quiz] Filas en reporte: 30
[2026-05-16T13:05:40.645Z] [quiz] Matriculados desde cache: 52
[2026-05-16T13:05:40.645Z] [quiz] Total: 57 (intentaron=26, sin_entregar=31)
[2026-05-16T13:05:40.790Z] Revisando entregas: https://zajuna.sena.edu.co/zajuna/mod/assign/view.php?id=3615933&action=grading
[2026-05-16T13:05:42.115Z] Aprendices encontrados: 47
[2026-05-16T13:05:42.246Z] Revisando entregas: https://zajuna.sena.edu.co/zajuna/mod/assign/view.php?id=5171545&action=grading
[2026-05-16T13:05:58.709Z] Aprendices encontrados: 52
[2026-05-16T13:05:58.836Z] Revisando entregas: https://zajuna.sena.edu.co/zajuna/mod/assign/view.php?id=2294778&action=grading
[2026-05-16T13:06:12.183Z] Aprendices encontrados: 52
[2026-05-16T13:06:12.313Z] Revisando entregas: https://zajuna.sena.edu.co/zajuna/mod/assign/view.php?id=3615934&action=grading
[2026-05-16T13:06:14.363Z] Aprendices encontrados: 47
[2026-05-16T13:06:14.494Z] [quiz] Report: https://zajuna.sena.edu.co/zajuna/mod/quiz/report.php?id=5171639&mode=overview
[2026-05-16T13:06:16.093Z] [quiz] Filas en reporte: 30
[2026-05-16T13:06:16.093Z] [quiz] Matriculados desde cache: 47
[2026-05-16T13:06:16.093Z] [quiz] Total: 53 (intentaron=25, sin_entregar=28)
[2026-05-16T13:06:16.238Z] Revisando entregas: https://zajuna.sena.edu.co/zajuna/mod/assign/view.php?id=5171646&action=grading
[2026-05-16T13:06:30.346Z] Aprendices encontrados: 52
[2026-05-16T13:06:30.479Z] [quiz] Report: https://zajuna.sena.edu.co/zajuna/mod/quiz/report.php?id=2294779&mode=overview
[2026-05-16T13:06:31.301Z] [quiz] Filas en reporte: 18
[2026-05-16T13:06:31.303Z] [quiz] Matriculados desde cache: 52
[2026-05-16T13:06:31.303Z] [quiz] Total: 56 (intentaron=15, sin_entregar=41)
[2026-05-16T13:06:31.440Z] Revisando entregas: https://zajuna.sena.edu.co/zajuna/mod/assign/view.php?id=2294780&action=grading
[2026-05-16T13:06:44.380Z] Aprendices encontrados: 52
[2026-05-16T13:06:44.507Z] [quiz] Report: https://zajuna.sena.edu.co/zajuna/mod/quiz/report.php?id=3615935&mode=overview
[2026-05-16T13:06:45.255Z] [quiz] Filas en reporte: 30
[2026-05-16T13:06:45.257Z] [quiz] Matriculados desde cache: 52
[2026-05-16T13:06:45.257Z] [quiz] Total: 59 (intentaron=24, sin_entregar=35)
[2026-05-16T13:06:45.407Z] Revisando entregas: https://zajuna.sena.edu.co/zajuna/mod/assign/view.php?id=3615936&action=grading
[2026-05-16T13:06:49.237Z] Aprendices encontrados: 47
[2026-05-16T13:06:49.349Z] Revisando entregas: https://zajuna.sena.edu.co/zajuna/mod/assign/view.php?id=5171652&action=grading
[2026-05-16T13:07:02.709Z] Aprendices encontrados: 52
[2026-05-16T13:07:02.831Z] Revisando entregas: https://zajuna.sena.edu.co/zajuna/mod/assign/view.php?id=2294781&action=grading
[2026-05-16T13:07:16.709Z] Aprendices encontrados: 52
[2026-05-16T13:07:16.831Z] Revisando entregas: https://zajuna.sena.edu.co/zajuna/mod/assign/view.php?id=3615937&action=grading
[2026-05-16T13:07:21.115Z] Aprendices encontrados: 47
[2026-05-16T13:07:21.251Z] [quiz] Report: https://zajuna.sena.edu.co/zajuna/mod/quiz/report.php?id=5171726&mode=overview
[2026-05-16T13:07:22.487Z] [quiz] Filas en reporte: 27
[2026-05-16T13:07:22.489Z] [quiz] Matriculados desde cache: 47
[2026-05-16T13:07:22.489Z] [quiz] Total: 48 (intentaron=26, sin_entregar=22)
[2026-05-16T13:07:22.615Z] Revisando entregas: https://zajuna.sena.edu.co/zajuna/mod/assign/view.php?id=5171734&action=grading
[2026-05-16T13:07:34.372Z] Aprendices encontrados: 52
[2026-05-16T13:07:34.501Z] [quiz] Report: https://zajuna.sena.edu.co/zajuna/mod/quiz/report.php?id=2294801&mode=overview
[2026-05-16T13:07:35.304Z] [quiz] Filas en reporte: 19
[2026-05-16T13:07:35.305Z] [quiz] Matriculados desde cache: 52
[2026-05-16T13:07:35.305Z] [quiz] Total: 58 (intentaron=14, sin_entregar=44)
[2026-05-16T13:07:35.462Z] Revisando entregas: https://zajuna.sena.edu.co/zajuna/mod/assign/view.php?id=2294803&action=grading
[2026-05-16T13:07:48.909Z] Aprendices encontrados: 52
[2026-05-16T13:07:49.052Z] [quiz] Report: https://zajuna.sena.edu.co/zajuna/mod/quiz/report.php?id=3615956&mode=overview
[2026-05-16T13:07:50.041Z] [quiz] Filas en reporte: 23
[2026-05-16T13:07:50.043Z] [quiz] Matriculados desde cache: 52
[2026-05-16T13:07:50.043Z] [quiz] Total: 56 (intentaron=20, sin_entregar=36)
[2026-05-16T13:07:50.184Z] Revisando entregas: https://zajuna.sena.edu.co/zajuna/mod/assign/view.php?id=3615957&action=grading
[2026-05-16T13:07:53.854Z] Aprendices encontrados: 47
[2026-05-16T13:07:53.966Z] Revisando entregas: https://zajuna.sena.edu.co/zajuna/mod/assign/view.php?id=5171864&action=grading
[2026-05-16T13:08:06.706Z] Aprendices encontrados: 52
[2026-05-16T13:08:06.836Z] [foro] View: https://zajuna.sena.edu.co/zajuna/mod/forum/view.php?id=2294802
[2026-05-16T13:08:15.553Z] [foro] Posts en view.php: 0
[2026-05-16T13:08:15.556Z] [foro] Discussions detectadas: 18
[2026-05-16T13:08:22.337Z] Aprendices encontrados: 52
[2026-05-16T13:08:22.492Z] [foro] View: https://zajuna.sena.edu.co/zajuna/mod/forum/view.php?id=3615958
[2026-05-16T13:08:24.744Z] [foro] Posts en view.php: 0
[2026-05-16T13:08:24.746Z] [foro] Discussions detectadas: 21
[2026-05-16T13:08:26.778Z] Aprendices encontrados: 47
[2026-05-16T13:08:26.898Z] [quiz] Report: https://zajuna.sena.edu.co/zajuna/mod/quiz/report.php?id=5171962&mode=overview
[2026-05-16T13:08:27.881Z] [quiz] Filas en reporte: 2
[2026-05-16T13:08:27.882Z] [quiz] Matriculados desde cache: 47
[2026-05-16T13:08:27.883Z] [quiz] Total: 47 (intentaron=2, sin_entregar=45)
[2026-05-16T13:08:28.023Z] Revisando entregas: https://zajuna.sena.edu.co/zajuna/mod/assign/view.php?id=5171968&action=grading
[2026-05-16T13:08:38.985Z] [foro] Posts agregados desde discussions: 14
[2026-05-16T13:08:38.986Z] [foro] Matriculados desde cache: 52
[2026-05-16T13:08:38.986Z] [foro] Total: 54 (publicaron=14, sin_entregar=40)
[2026-05-16T13:08:39.160Z] [quiz] Report: https://zajuna.sena.edu.co/zajuna/mod/quiz/report.php?id=2294804&mode=overview
[2026-05-16T13:08:40.290Z] [quiz] Filas en reporte: 14
[2026-05-16T13:08:40.290Z] [quiz] Matriculados desde cache: 52
[2026-05-16T13:08:40.291Z] [quiz] Total: 56 (intentaron=11, sin_entregar=45)
[2026-05-16T13:08:40.426Z] Revisando entregas: https://zajuna.sena.edu.co/zajuna/mod/assign/view.php?id=2294805&action=grading
[2026-05-16T13:08:56.154Z] [foro] Posts agregados desde discussions: 21
[2026-05-16T13:08:56.156Z] [foro] Matriculados desde cache: 52
[2026-05-16T13:08:56.156Z] [foro] Total: 54 (publicaron=21, sin_entregar=33)
[2026-05-16T13:08:56.314Z] [quiz] Report: https://zajuna.sena.edu.co/zajuna/mod/quiz/report.php?id=3615959&mode=overview
[2026-05-16T13:08:57.051Z] [quiz] Filas en reporte: 20
[2026-05-16T13:08:57.053Z] [quiz] Matriculados desde cache: 52
[2026-05-16T13:08:57.053Z] [quiz] Total: 56 (intentaron=16, sin_entregar=40)
[2026-05-16T13:08:57.193Z] Revisando entregas: https://zajuna.sena.edu.co/zajuna/mod/assign/view.php?id=3615960&action=grading
[2026-05-16T13:08:59.373Z] Aprendices encontrados: 47
[2026-05-16T13:08:59.495Z] [foro] View: https://zajuna.sena.edu.co/zajuna/mod/forum/view.php?id=5171971
[2026-05-16T13:09:00.284Z] [foro] Posts en view.php: 0
[2026-05-16T13:09:00.288Z] [foro] Discussions detectadas: 0
[2026-05-16T13:09:00.288Z] [foro] Posts agregados desde discussions: 0
[2026-05-16T13:09:00.289Z] [foro] Matriculados desde cache: 47
[2026-05-16T13:09:00.289Z] [foro] Total: 47 (publicaron=0, sin_entregar=47)
[2026-05-16T13:09:11.904Z] Aprendices encontrados: 52
[2026-05-16T13:09:12.052Z] [foro] View: https://zajuna.sena.edu.co/zajuna/mod/forum/view.php?id=2294806
[2026-05-16T13:09:12.236Z] Buscando actividades con código 240202501...
[2026-05-16T13:09:12.335Z] Evidencias encontradas: 24
[2026-05-16T13:09:12.337Z] [matriculados] GET https://zajuna.sena.edu.co/zajuna/grade/report/grader/index.php?id=28195&perpage=5000
[2026-05-16T13:09:13.467Z] [foro] Posts en view.php: 0
[2026-05-16T13:09:13.480Z] [foro] Discussions detectadas: 11
[2026-05-16T13:09:14.782Z] [quiz] Report: https://zajuna.sena.edu.co/zajuna/mod/quiz/report.php?id=2288903&mode=overview
[2026-05-16T13:09:16.874Z] [quiz] Filas en reporte: 30
[2026-05-16T13:09:16.875Z] [quiz] Matriculados desde cache: 33
[2026-05-16T13:09:16.875Z] [quiz] Total: 48 (intentaron=18, sin_entregar=30)
[2026-05-16T13:09:16.994Z] Revisando entregas: https://zajuna.sena.edu.co/zajuna/mod/assign/view.php?id=2288913&action=grading
[2026-05-16T13:09:26.772Z] [foro] Posts agregados desde discussions: 11
[2026-05-16T13:09:26.772Z] [foro] Matriculados desde cache: 52
[2026-05-16T13:09:26.772Z] [foro] Total: 53 (publicaron=11, sin_entregar=42)
[2026-05-16T13:09:26.912Z] [quiz] Report: https://zajuna.sena.edu.co/zajuna/mod/quiz/report.php?id=2294837&mode=overview
[2026-05-16T13:09:27.515Z] [quiz] Filas en reporte: 15
[2026-05-16T13:09:27.517Z] [quiz] Matriculados desde cache: 52
[2026-05-16T13:09:27.517Z] [quiz] Total: 57 (intentaron=10, sin_entregar=47)
[2026-05-16T13:09:27.682Z] Revisando entregas: https://zajuna.sena.edu.co/zajuna/mod/assign/view.php?id=2294838&action=grading
[2026-05-16T13:09:28.658Z] Aprendices encontrados: 52
[2026-05-16T13:09:28.801Z] [foro] View: https://zajuna.sena.edu.co/zajuna/mod/forum/view.php?id=3615961
[2026-05-16T13:09:30.123Z] [foro] Posts en view.php: 0
[2026-05-16T13:09:30.125Z] [foro] Discussions detectadas: 6
[2026-05-16T13:09:37.595Z] [foro] Posts agregados desde discussions: 15
[2026-05-16T13:09:37.595Z] [foro] Matriculados desde cache: 52
[2026-05-16T13:09:37.596Z] [foro] Total: 52 (publicaron=15, sin_entregar=37)
[2026-05-16T13:09:37.737Z] [quiz] Report: https://zajuna.sena.edu.co/zajuna/mod/quiz/report.php?id=3615993&mode=overview
[2026-05-16T13:09:38.607Z] [quiz] Filas en reporte: 24
[2026-05-16T13:09:38.609Z] [quiz] Matriculados desde cache: 52
[2026-05-16T13:09:38.609Z] [quiz] Total: 58 (intentaron=19, sin_entregar=39)
[2026-05-16T13:09:38.766Z] Revisando entregas: https://zajuna.sena.edu.co/zajuna/mod/assign/view.php?id=3615994&action=grading
[2026-05-16T13:09:48.773Z] Aprendices encontrados: 33
[2026-05-16T13:09:48.858Z] Revisando entregas: https://zajuna.sena.edu.co/zajuna/mod/assign/view.php?id=2288922&action=grading
[2026-05-16T13:09:58.902Z] Aprendices encontrados: 52
[2026-05-16T13:09:59.026Z] [foro] View: https://zajuna.sena.edu.co/zajuna/mod/forum/view.php?id=2294839
[2026-05-16T13:10:00.322Z] [foro] Posts en view.php: 9
[2026-05-16T13:10:00.324Z] [foro] Matriculados desde cache: 52
[2026-05-16T13:10:00.324Z] [foro] Total: 52 (publicaron=9, sin_entregar=43)
[2026-05-16T13:10:00.474Z] Revisando entregas: https://zajuna.sena.edu.co/zajuna/mod/assign/view.php?id=2294855&action=grading
[2026-05-16T13:10:10.271Z] Aprendices encontrados: 52
[2026-05-16T13:10:10.390Z] [foro] View: https://zajuna.sena.edu.co/zajuna/mod/forum/view.php?id=3615995
[2026-05-16T13:10:11.304Z] [foro] Posts en view.php: 11
[2026-05-16T13:10:11.306Z] [foro] Matriculados desde cache: 52
[2026-05-16T13:10:11.306Z] [foro] Total: 52 (publicaron=11, sin_entregar=41)
[2026-05-16T13:10:11.450Z] Revisando entregas: https://zajuna.sena.edu.co/zajuna/mod/assign/view.php?id=3616010&action=grading
[2026-05-16T13:10:20.267Z] Aprendices encontrados: 33
[2026-05-16T13:10:20.350Z] [quiz] Report: https://zajuna.sena.edu.co/zajuna/mod/quiz/report.php?id=2288981&mode=overview
[2026-05-16T13:10:21.192Z] [quiz] Filas en reporte: 13
[2026-05-16T13:10:21.193Z] [quiz] Matriculados desde cache: 33
[2026-05-16T13:10:21.193Z] [quiz] Total: 36 (intentaron=11, sin_entregar=25)
[2026-05-16T13:10:21.288Z] Revisando entregas: https://zajuna.sena.edu.co/zajuna/mod/assign/view.php?id=2288991&action=grading
[2026-05-16T13:10:32.324Z] Aprendices encontrados: 52
[2026-05-16T13:10:32.446Z] Revisando entregas: https://zajuna.sena.edu.co/zajuna/mod/assign/view.php?id=2294856&action=grading
[2026-05-16T13:10:43.443Z] Aprendices encontrados: 52
[2026-05-16T13:10:43.566Z] Revisando entregas: https://zajuna.sena.edu.co/zajuna/mod/assign/view.php?id=3616011&action=grading
[2026-05-16T13:10:52.713Z] Aprendices encontrados: 33
[2026-05-16T13:10:52.791Z] Revisando entregas: https://zajuna.sena.edu.co/zajuna/mod/assign/view.php?id=2288996&action=grading
[2026-05-16T13:11:03.879Z] Aprendices encontrados: 52
[2026-05-16T13:11:04.000Z] Revisando entregas: https://zajuna.sena.edu.co/zajuna/mod/assign/view.php?id=2294857&action=grading
[2026-05-16T13:11:14.663Z] Aprendices encontrados: 52
[2026-05-16T13:11:14.790Z] Revisando entregas: https://zajuna.sena.edu.co/zajuna/mod/assign/view.php?id=3616012&action=grading
[2026-05-16T13:11:24.437Z] Aprendices encontrados: 33
[2026-05-16T13:11:24.526Z] [quiz] Report: https://zajuna.sena.edu.co/zajuna/mod/quiz/report.php?id=2289004&mode=overview
[2026-05-16T13:11:25.295Z] [quiz] Filas en reporte: 11
[2026-05-16T13:11:25.295Z] [quiz] Matriculados desde cache: 33
[2026-05-16T13:11:25.295Z] [quiz] Total: 36 (intentaron=9, sin_entregar=27)
[2026-05-16T13:11:25.387Z] Revisando entregas: https://zajuna.sena.edu.co/zajuna/mod/assign/view.php?id=2289013&action=grading
[2026-05-16T13:11:35.530Z] Aprendices encontrados: 52
[2026-05-16T13:11:35.653Z] Revisando entregas: https://zajuna.sena.edu.co/zajuna/mod/assign/view.php?id=2294885&action=grading
[2026-05-16T13:11:46.241Z] Aprendices encontrados: 52
[2026-05-16T13:11:46.363Z] Revisando entregas: https://zajuna.sena.edu.co/zajuna/mod/assign/view.php?id=3616038&action=grading
[2026-05-16T13:11:56.873Z] Aprendices encontrados: 33
[2026-05-16T13:11:56.956Z] Revisando entregas: https://zajuna.sena.edu.co/zajuna/mod/assign/view.php?id=2289019&action=grading
[2026-05-16T13:12:07.340Z] Aprendices encontrados: 52
[2026-05-16T13:12:07.464Z] Revisando entregas: https://zajuna.sena.edu.co/zajuna/mod/assign/view.php?id=2294886&action=grading
[2026-05-16T13:12:17.480Z] Aprendices encontrados: 52
[2026-05-16T13:12:17.604Z] Revisando entregas: https://zajuna.sena.edu.co/zajuna/mod/assign/view.php?id=3616039&action=grading
[2026-05-16T13:12:28.349Z] Aprendices encontrados: 33
[2026-05-16T13:12:28.436Z] [quiz] Report: https://zajuna.sena.edu.co/zajuna/mod/quiz/report.php?id=2289093&mode=overview
[2026-05-16T13:12:29.039Z] [quiz] Filas en reporte: 12
[2026-05-16T13:12:29.040Z] [quiz] Matriculados desde cache: 33
[2026-05-16T13:12:29.040Z] [quiz] Total: 37 (intentaron=8, sin_entregar=29)
[2026-05-16T13:12:29.134Z] Revisando entregas: https://zajuna.sena.edu.co/zajuna/mod/assign/view.php?id=2289101&action=grading
[2026-05-16T13:12:38.870Z] Aprendices encontrados: 52
[2026-05-16T13:12:38.991Z] [foro] View: https://zajuna.sena.edu.co/zajuna/mod/forum/view.php?id=2294887
[2026-05-16T13:12:40.163Z] [foro] Posts en view.php: 0
[2026-05-16T13:12:40.167Z] [foro] Discussions detectadas: 4
[2026-05-16T13:12:47.636Z] [foro] Posts agregados desde discussions: 4
[2026-05-16T13:12:47.638Z] [foro] Matriculados desde cache: 52
[2026-05-16T13:12:47.638Z] [foro] Total: 52 (publicaron=4, sin_entregar=48)
[2026-05-16T13:12:49.078Z] Aprendices encontrados: 52
[2026-05-16T13:12:49.215Z] [foro] View: https://zajuna.sena.edu.co/zajuna/mod/forum/view.php?id=3616040
[2026-05-16T13:12:53.365Z] [foro] Posts en view.php: 0
[2026-05-16T13:12:53.368Z] [foro] Discussions detectadas: 1
[2026-05-16T13:12:58.382Z] [foro] Posts agregados desde discussions: 0
[2026-05-16T13:12:58.384Z] [foro] Matriculados desde cache: 52
[2026-05-16T13:12:58.384Z] [foro] Total: 52 (publicaron=0, sin_entregar=52)
[2026-05-16T13:12:59.074Z] Buscando actividades con código 240202501...
[2026-05-16T13:12:59.117Z] Evidencias encontradas: 24
[2026-05-16T13:12:59.120Z] [matriculados] GET https://zajuna.sena.edu.co/zajuna/grade/report/grader/index.php?id=50283&perpage=5000
[2026-05-16T13:13:00.296Z] Aprendices encontrados: 33
[2026-05-16T13:13:00.376Z] [foro] View: https://zajuna.sena.edu.co/zajuna/mod/forum/view.php?id=2289106
[2026-05-16T13:13:01.884Z] [quiz] Report: https://zajuna.sena.edu.co/zajuna/mod/quiz/report.php?id=3515241&mode=overview
[2026-05-16T13:13:02.423Z] [foro] Posts en view.php: 0
[2026-05-16T13:13:02.426Z] [foro] Discussions detectadas: 8
[2026-05-16T13:13:02.888Z] [quiz] Filas en reporte: 30
[2026-05-16T13:13:02.889Z] [quiz] Matriculados desde cache: 51
[2026-05-16T13:13:02.889Z] [quiz] Total: 63 (intentaron=23, sin_entregar=40)
[2026-05-16T13:13:03.053Z] Revisando entregas: https://zajuna.sena.edu.co/zajuna/mod/assign/view.php?id=3515242&action=grading
[2026-05-16T13:13:19.907Z] [foro] Posts agregados desde discussions: 9
[2026-05-16T13:13:19.907Z] [foro] Matriculados desde cache: 33
[2026-05-16T13:13:19.907Z] [foro] Total: 34 (publicaron=9, sin_entregar=25)
[2026-05-16T13:13:20.007Z] [quiz] Report: https://zajuna.sena.edu.co/zajuna/mod/quiz/report.php?id=2289113&mode=overview
[2026-05-16T13:13:20.850Z] [quiz] Filas en reporte: 8
[2026-05-16T13:13:20.852Z] [quiz] Matriculados desde cache: 33
[2026-05-16T13:13:20.852Z] [quiz] Total: 33 (intentaron=8, sin_entregar=25)
[2026-05-16T13:13:20.938Z] Revisando entregas: https://zajuna.sena.edu.co/zajuna/mod/assign/view.php?id=2289124&action=grading
[2026-05-16T13:13:35.929Z] Aprendices encontrados: 51
[2026-05-16T13:13:36.049Z] Revisando entregas: https://zajuna.sena.edu.co/zajuna/mod/assign/view.php?id=3515243&action=grading
[2026-05-16T13:13:51.977Z] Aprendices encontrados: 33
[2026-05-16T13:13:52.060Z] [foro] View: https://zajuna.sena.edu.co/zajuna/mod/forum/view.php?id=2289135
[2026-05-16T13:13:53.248Z] [foro] Posts en view.php: 0
[2026-05-16T13:13:53.253Z] [foro] Discussions detectadas: 8
[2026-05-16T13:13:59.756Z] [foro] Posts agregados desde discussions: 8
[2026-05-16T13:13:59.757Z] [foro] Matriculados desde cache: 33
[2026-05-16T13:13:59.757Z] [foro] Total: 33 (publicaron=8, sin_entregar=25)
[2026-05-16T13:13:59.876Z] [quiz] Report: https://zajuna.sena.edu.co/zajuna/mod/quiz/report.php?id=2289259&mode=overview
[2026-05-16T13:14:00.454Z] [quiz] Filas en reporte: 9
[2026-05-16T13:14:00.456Z] [quiz] Matriculados desde cache: 33
[2026-05-16T13:14:00.456Z] [quiz] Total: 33 (intentaron=9, sin_entregar=24)
[2026-05-16T13:14:00.542Z] Revisando entregas: https://zajuna.sena.edu.co/zajuna/mod/assign/view.php?id=2289269&action=grading
[2026-05-16T13:14:08.112Z] Aprendices encontrados: 51
[2026-05-16T13:14:08.241Z] [quiz] Report: https://zajuna.sena.edu.co/zajuna/mod/quiz/report.php?id=3515273&mode=overview
[2026-05-16T13:14:09.136Z] [quiz] Filas en reporte: 29
[2026-05-16T13:14:09.138Z] [quiz] Matriculados desde cache: 51
[2026-05-16T13:14:09.139Z] [quiz] Total: 57 (intentaron=26, sin_entregar=31)
[2026-05-16T13:14:09.303Z] Revisando entregas: https://zajuna.sena.edu.co/zajuna/mod/assign/view.php?id=3515274&action=grading
[2026-05-16T13:14:31.510Z] Aprendices encontrados: 33
[2026-05-16T13:14:31.591Z] [foro] View: https://zajuna.sena.edu.co/zajuna/mod/forum/view.php?id=2289277
[2026-05-16T13:14:32.728Z] [foro] Posts en view.php: 8
[2026-05-16T13:14:32.730Z] [foro] Matriculados desde cache: 33
[2026-05-16T13:14:32.731Z] [foro] Total: 33 (publicaron=8, sin_entregar=25)
[2026-05-16T13:14:32.825Z] Revisando entregas: https://zajuna.sena.edu.co/zajuna/mod/assign/view.php?id=3737690&action=grading
[2026-05-16T13:14:41.716Z] Aprendices encontrados: 51
[2026-05-16T13:14:41.839Z] Revisando entregas: https://zajuna.sena.edu.co/zajuna/mod/assign/view.php?id=3515275&action=grading
[2026-05-16T13:15:04.022Z] Aprendices encontrados: 33
[2026-05-16T13:15:04.102Z] Revisando entregas: https://zajuna.sena.edu.co/zajuna/mod/assign/view.php?id=3737691&action=grading
[2026-05-16T13:15:13.244Z] Aprendices encontrados: 51
[2026-05-16T13:15:13.365Z] [quiz] Report: https://zajuna.sena.edu.co/zajuna/mod/quiz/report.php?id=3515276&mode=overview
[2026-05-16T13:15:14.202Z] [quiz] Filas en reporte: 28
[2026-05-16T13:15:14.202Z] [quiz] Matriculados desde cache: 51
[2026-05-16T13:15:14.202Z] [quiz] Total: 59 (intentaron=23, sin_entregar=36)
[2026-05-16T13:15:14.348Z] Revisando entregas: https://zajuna.sena.edu.co/zajuna/mod/assign/view.php?id=3515277&action=grading
[2026-05-16T13:15:35.356Z] Aprendices encontrados: 33
[2026-05-16T13:15:35.437Z] Revisando entregas: https://zajuna.sena.edu.co/zajuna/mod/assign/view.php?id=3737692&action=grading
[2026-05-16T13:15:45.693Z] Aprendices encontrados: 51
[2026-05-16T13:15:45.899Z] Revisando entregas: https://zajuna.sena.edu.co/zajuna/mod/assign/view.php?id=3515278&action=grading
[2026-05-16T13:16:06.948Z] Aprendices encontrados: 33
[2026-05-16T13:16:07.049Z] Revisando entregas: https://zajuna.sena.edu.co/zajuna/mod/assign/view.php?id=3737698&action=grading
[2026-05-16T13:16:17.946Z] Aprendices encontrados: 51
[2026-05-16T13:16:18.076Z] [quiz] Report: https://zajuna.sena.edu.co/zajuna/mod/quiz/report.php?id=3515296&mode=overview
[2026-05-16T13:16:18.938Z] [quiz] Filas en reporte: 23
[2026-05-16T13:16:18.938Z] [quiz] Matriculados desde cache: 51
[2026-05-16T13:16:18.938Z] [quiz] Total: 56 (intentaron=20, sin_entregar=36)
[2026-05-16T13:16:19.082Z] Revisando entregas: https://zajuna.sena.edu.co/zajuna/mod/assign/view.php?id=3515297&action=grading
[2026-05-16T13:16:38.434Z] Aprendices encontrados: 33
[2026-05-16T13:16:38.529Z] Revisando entregas: https://zajuna.sena.edu.co/zajuna/mod/assign/view.php?id=3737700&action=grading
[2026-05-16T13:16:50.326Z] Aprendices encontrados: 51
[2026-05-16T13:16:50.483Z] [foro] View: https://zajuna.sena.edu.co/zajuna/mod/forum/view.php?id=3515298
[2026-05-16T13:16:52.094Z] [foro] Posts en view.php: 0
[2026-05-16T13:16:52.096Z] [foro] Discussions detectadas: 19
[2026-05-16T13:17:09.785Z] Aprendices encontrados: 33
[2026-05-16T13:17:09.872Z] [foro] View: https://zajuna.sena.edu.co/zajuna/mod/forum/view.php?id=3737701
[2026-05-16T13:17:11.252Z] [foro] Posts en view.php: 0
[2026-05-16T13:17:11.259Z] [foro] Discussions detectadas: 5
[2026-05-16T13:17:13.240Z] [foro] Posts agregados desde discussions: 19
[2026-05-16T13:17:13.242Z] [foro] Matriculados desde cache: 51
[2026-05-16T13:17:13.242Z] [foro] Total: 54 (publicaron=19, sin_entregar=35)
[2026-05-16T13:17:13.405Z] [quiz] Report: https://zajuna.sena.edu.co/zajuna/mod/quiz/report.php?id=3515299&mode=overview
[2026-05-16T13:17:14.333Z] [quiz] Filas en reporte: 28
[2026-05-16T13:17:14.333Z] [quiz] Matriculados desde cache: 51
[2026-05-16T13:17:14.333Z] [quiz] Total: 60 (intentaron=21, sin_entregar=39)
[2026-05-16T13:17:14.481Z] Revisando entregas: https://zajuna.sena.edu.co/zajuna/mod/assign/view.php?id=3515300&action=grading
[2026-05-16T13:17:17.621Z] [foro] Posts agregados desde discussions: 8
[2026-05-16T13:17:17.623Z] [foro] Matriculados desde cache: 33
[2026-05-16T13:17:17.623Z] [foro] Total: 33 (publicaron=8, sin_entregar=25)
[2026-05-16T13:17:46.286Z] Aprendices encontrados: 51
[2026-05-16T13:17:46.414Z] [foro] View: https://zajuna.sena.edu.co/zajuna/mod/forum/view.php?id=3515301
[2026-05-16T13:17:47.289Z] [foro] Posts en view.php: 0
[2026-05-16T13:17:47.292Z] [foro] Discussions detectadas: 9
[2026-05-16T13:17:56.335Z] [foro] Posts agregados desde discussions: 16
[2026-05-16T13:17:56.337Z] [foro] Matriculados desde cache: 51
[2026-05-16T13:17:56.337Z] [foro] Total: 53 (publicaron=16, sin_entregar=37)
[2026-05-16T13:17:56.485Z] [quiz] Report: https://zajuna.sena.edu.co/zajuna/mod/quiz/report.php?id=3515333&mode=overview
[2026-05-16T13:17:57.284Z] [quiz] Filas en reporte: 21
[2026-05-16T13:17:57.286Z] [quiz] Matriculados desde cache: 51
[2026-05-16T13:17:57.286Z] [quiz] Total: 56 (intentaron=17, sin_entregar=39)
[2026-05-16T13:17:57.426Z] Revisando entregas: https://zajuna.sena.edu.co/zajuna/mod/assign/view.php?id=3515334&action=grading
[2026-05-16T13:18:29.231Z] Aprendices encontrados: 51
[2026-05-16T13:18:29.344Z] [foro] View: https://zajuna.sena.edu.co/zajuna/mod/forum/view.php?id=3515335
[2026-05-16T13:18:30.619Z] [foro] Posts en view.php: 8
[2026-05-16T13:18:30.619Z] [foro] Matriculados desde cache: 51
[2026-05-16T13:18:30.619Z] [foro] Total: 51 (publicaron=8, sin_entregar=43)
[2026-05-16T13:18:30.754Z] Revisando entregas: https://zajuna.sena.edu.co/zajuna/mod/assign/view.php?id=3515350&action=grading
[2026-05-16T13:19:02.285Z] Aprendices encontrados: 51
[2026-05-16T13:19:02.407Z] Revisando entregas: https://zajuna.sena.edu.co/zajuna/mod/assign/view.php?id=3515351&action=grading
[2026-05-16T13:19:34.013Z] Aprendices encontrados: 51
[2026-05-16T13:19:34.136Z] Revisando entregas: https://zajuna.sena.edu.co/zajuna/mod/assign/view.php?id=3515352&action=grading
[2026-05-16T13:20:05.279Z] Aprendices encontrados: 51
[2026-05-16T13:20:05.404Z] Revisando entregas: https://zajuna.sena.edu.co/zajuna/mod/assign/view.php?id=3515378&action=grading
[2026-05-16T13:20:37.038Z] Aprendices encontrados: 51
[2026-05-16T13:20:37.213Z] Revisando entregas: https://zajuna.sena.edu.co/zajuna/mod/assign/view.php?id=3515379&action=grading
[2026-05-16T13:21:08.636Z] Aprendices encontrados: 51
[2026-05-16T13:21:08.771Z] [foro] View: https://zajuna.sena.edu.co/zajuna/mod/forum/view.php?id=3515380
[2026-05-16T13:21:10.079Z] [foro] Posts en view.php: 0
[2026-05-16T13:21:10.083Z] [foro] Discussions detectadas: 0
[2026-05-16T13:21:10.083Z] [foro] Posts agregados desde discussions: 0
[2026-05-16T13:21:10.084Z] [foro] Matriculados desde cache: 51
[2026-05-16T13:21:10.084Z] [foro] Total: 51 (publicaron=0, sin_entregar=51)
