◇ injected env (8) from .env // tip: ◈ encrypted .env [www.dotenvx.com]
◇ injected env (0) from .env // tip: ⌘ multiple files { path: ['.env.local', '.env'] }
◇ injected env (0) from .env // tip: ⌘ custom filepath { path: '/custom/path/.env' }
◇ injected env (0) from .env // tip: ◈ secrets for agents [www.dotenvx.com]
◇ injected env (0) from .env // tip: ⌘ enable debugging { debug: true }
◇ injected env (0) from .env // tip: ⌘ suppress logs { quiet: true }
◇ injected env (0) from .env // tip: ⌘ override existing { override: true }
◇ injected env (0) from .env // tip: ◈ secrets for agents [www.dotenvx.com]
◇ injected env (0) from .env // tip: ⌘ multiple files { path: ['.env.local', '.env'] }
◇ injected env (0) from .env // tip: ◈ secrets for agents [www.dotenvx.com]
◇ injected env (0) from .env // tip: ⌘ enable debugging { debug: true }
◇ injected env (0) from .env // tip: ⌘ enable debugging { debug: true }
{"level":30,"time":1778988884666,"pid":25716,"hostname":"R7-5700-ASUS-A520","msg":"Server listening at http://127.0.0.1:3000"}
{"level":30,"time":1778988884667,"pid":25716,"hostname":"R7-5700-ASUS-A520","msg":"Server listening at http://192.168.1.5:3000"}
{"level":30,"time":1778988884667,"pid":25716,"hostname":"R7-5700-ASUS-A520","msg":"Server listening at http://172.17.32.1:3000"}
[autoScan] repeatable job registered (cada 3h)
{"level":30,"time":1778988924619,"pid":25716,"hostname":"R7-5700-ASUS-A520","reqId":"req-1","req":{"method":"GET","url":"/","hostname":"localhost"},"msg":"incoming request"}
{"level":30,"time":1778988924627,"pid":25716,"hostname":"R7-5700-ASUS-A520","reqId":"req-1","res":{"statusCode":200},"responseTime":7.393699999898672,"msg":"request completed"}
{"level":30,"time":1778988924634,"pid":25716,"hostname":"R7-5700-ASUS-A520","reqId":"req-2","req":{"method":"GET","url":"/assets/index-iPWnk9NW.css","hostname":"localhost"},"msg":"incoming request"}
{"level":30,"time":1778988924634,"pid":25716,"hostname":"R7-5700-ASUS-A520","reqId":"req-3","req":{"method":"GET","url":"/assets/index-DTB-0l5A.js","hostname":"localhost"},"msg":"incoming request"}
{"level":30,"time":1778988924636,"pid":25716,"hostname":"R7-5700-ASUS-A520","reqId":"req-2","res":{"statusCode":200},"responseTime":2.7646000012755394,"msg":"request completed"}
{"level":30,"time":1778988924640,"pid":25716,"hostname":"R7-5700-ASUS-A520","reqId":"req-3","res":{"statusCode":200},"responseTime":5.386300001293421,"msg":"request completed"}
{"level":30,"time":1778988924686,"pid":25716,"hostname":"R7-5700-ASUS-A520","reqId":"req-4","req":{"method":"GET","url":"/api/evidencias/activas","hostname":"localhost"},"msg":"incoming request"}
{"level":30,"time":1778988924691,"pid":25716,"hostname":"R7-5700-ASUS-A520","reqId":"req-5","req":{"method":"GET","url":"/api/scan/status","hostname":"localhost"},"msg":"incoming request"}
{"level":30,"time":1778988924725,"pid":25716,"hostname":"R7-5700-ASUS-A520","reqId":"req-5","res":{"statusCode":200},"responseTime":33.28830000013113,"msg":"request completed"}
{"level":30,"time":1778988924727,"pid":25716,"hostname":"R7-5700-ASUS-A520","reqId":"req-6","req":{"method":"GET","url":"/vite.svg","hostname":"localhost"},"msg":"incoming request"}
{"level":30,"time":1778988924728,"pid":25716,"hostname":"R7-5700-ASUS-A520","reqId":"req-6","res":{"statusCode":200},"responseTime":1.0930000022053719,"msg":"request completed"}
{"level":30,"time":1778988924752,"pid":25716,"hostname":"R7-5700-ASUS-A520","reqId":"req-4","res":{"statusCode":200},"responseTime":65.26979999989271,"msg":"request completed"}
{"level":30,"time":1778988984738,"pid":25716,"hostname":"R7-5700-ASUS-A520","reqId":"req-7","req":{"method":"GET","url":"/api/scan/status","hostname":"localhost"},"msg":"incoming request"}
{"level":30,"time":1778988984745,"pid":25716,"hostname":"R7-5700-ASUS-A520","reqId":"req-7","res":{"statusCode":200},"responseTime":6.110399998724461,"msg":"request completed"}
{"level":30,"time":1778988994721,"pid":25716,"hostname":"R7-5700-ASUS-A520","reqId":"req-8","req":{"method":"GET","url":"/api/fichas?incluirArchivadas=1","hostname":"localhost"},"msg":"incoming request"}
{"level":30,"time":1778988994767,"pid":25716,"hostname":"R7-5700-ASUS-A520","reqId":"req-8","res":{"statusCode":200},"responseTime":46.195600003004074,"msg":"request completed"}
{"level":30,"time":1778988997194,"pid":25716,"hostname":"R7-5700-ASUS-A520","reqId":"req-9","req":{"method":"GET","url":"/api/evidencias/todas","hostname":"localhost"},"msg":"incoming request"}
{"level":30,"time":1778988997272,"pid":25716,"hostname":"R7-5700-ASUS-A520","reqId":"req-9","res":{"statusCode":200},"responseTime":77.85330000147223,"msg":"request completed"}
{"level":30,"time":1778989024996,"pid":25716,"hostname":"R7-5700-ASUS-A520","reqId":"req-a","req":{"method":"GET","url":"/api/raps","hostname":"localhost"},"msg":"incoming request"}
{"level":30,"time":1778989025000,"pid":25716,"hostname":"R7-5700-ASUS-A520","reqId":"req-a","res":{"statusCode":422},"responseTime":3.7555999979376793,"msg":"request completed"}
{"level":30,"time":1778989045427,"pid":25716,"hostname":"R7-5700-ASUS-A520","reqId":"req-b","req":{"method":"GET","url":"/api/matching/propuestas","hostname":"localhost"},"msg":"incoming request"}
{"level":30,"time":1778989045433,"pid":25716,"hostname":"R7-5700-ASUS-A520","reqId":"req-b","res":{"statusCode":200},"responseTime":5.486200001090765,"msg":"request completed"}
{"level":30,"time":1778989137137,"pid":25716,"hostname":"R7-5700-ASUS-A520","reqId":"req-c","req":{"method":"GET","url":"/api/fichas","hostname":"localhost"},"msg":"incoming request"}
{"level":30,"time":1778989137138,"pid":25716,"hostname":"R7-5700-ASUS-A520","reqId":"req-d","req":{"method":"GET","url":"/api/raps","hostname":"localhost"},"msg":"incoming request"}
{"level":30,"time":1778989137139,"pid":25716,"hostname":"R7-5700-ASUS-A520","reqId":"req-e","req":{"method":"GET","url":"/api/actas","hostname":"localhost"},"msg":"incoming request"}
{"level":30,"time":1778989137142,"pid":25716,"hostname":"R7-5700-ASUS-A520","reqId":"req-d","res":{"statusCode":422},"responseTime":3.762600000947714,"msg":"request completed"}
{"level":30,"time":1778989137161,"pid":25716,"hostname":"R7-5700-ASUS-A520","reqId":"req-e","res":{"statusCode":200},"responseTime":21.1570999994874,"msg":"request completed"}
{"level":30,"time":1778989137187,"pid":25716,"hostname":"R7-5700-ASUS-A520","reqId":"req-c","res":{"statusCode":200},"responseTime":50.34699999913573,"msg":"request completed"}
{"level":30,"time":1778989204518,"pid":25716,"hostname":"R7-5700-ASUS-A520","reqId":"req-f","req":{"method":"GET","url":"/api/actas","hostname":"localhost"},"msg":"incoming request"}
{"level":30,"time":1778989204519,"pid":25716,"hostname":"R7-5700-ASUS-A520","reqId":"req-f","res":{"statusCode":401},"responseTime":0.5824999995529652,"msg":"request completed"}
{"level":30,"time":1778989299909,"pid":25716,"hostname":"R7-5700-ASUS-A520","reqId":"req-g","req":{"method":"GET","url":"/api/scan/status","hostname":"127.0.0.1"},"msg":"incoming request"}
{"level":30,"time":1778989299910,"pid":25716,"hostname":"R7-5700-ASUS-A520","reqId":"req-h","req":{"method":"GET","url":"/api/evidencias/todas","hostname":"127.0.0.1"},"msg":"incoming request"}
{"level":30,"time":1778989299938,"pid":25716,"hostname":"R7-5700-ASUS-A520","reqId":"req-g","res":{"statusCode":200},"responseTime":28.780200000852346,"msg":"request completed"}
{"level":30,"time":1778989299987,"pid":25716,"hostname":"R7-5700-ASUS-A520","reqId":"req-h","res":{"statusCode":200},"responseTime":76.74850000068545,"msg":"request completed"}
{"level":30,"time":1778989639834,"pid":25716,"hostname":"R7-5700-ASUS-A520","reqId":"req-i","req":{"method":"GET","url":"/matching","hostname":"localhost"},"msg":"incoming request"}
{"level":30,"time":1778989639836,"pid":25716,"hostname":"R7-5700-ASUS-A520","reqId":"req-i","res":{"statusCode":200},"responseTime":1.6540999971330166,"msg":"request completed"}
{"level":30,"time":1778989639846,"pid":25716,"hostname":"R7-5700-ASUS-A520","reqId":"req-j","req":{"method":"GET","url":"/assets/index-CPle2G0m.js","hostname":"localhost"},"msg":"incoming request"}
{"level":30,"time":1778989639846,"pid":25716,"hostname":"R7-5700-ASUS-A520","reqId":"req-k","req":{"method":"GET","url":"/assets/index-iPWnk9NW.css","hostname":"localhost"},"msg":"incoming request"}
{"level":30,"time":1778989639848,"pid":25716,"hostname":"R7-5700-ASUS-A520","reqId":"req-k","res":{"statusCode":200},"responseTime":1.3861000016331673,"msg":"request completed"}
{"level":30,"time":1778989639851,"pid":25716,"hostname":"R7-5700-ASUS-A520","reqId":"req-j","res":{"statusCode":200},"responseTime":4.940799999982119,"msg":"request completed"}
{"level":30,"time":1778989639882,"pid":25716,"hostname":"R7-5700-ASUS-A520","reqId":"req-l","req":{"method":"GET","url":"/api/matching/propuestas","hostname":"localhost"},"msg":"incoming request"}
{"level":30,"time":1778989639891,"pid":25716,"hostname":"R7-5700-ASUS-A520","reqId":"req-m","req":{"method":"GET","url":"/vite.svg","hostname":"localhost"},"msg":"incoming request"}
{"level":30,"time":1778989639892,"pid":25716,"hostname":"R7-5700-ASUS-A520","reqId":"req-m","res":{"statusCode":304},"responseTime":1.112900000065565,"msg":"request completed"}
{"level":30,"time":1778989639902,"pid":25716,"hostname":"R7-5700-ASUS-A520","reqId":"req-l","res":{"statusCode":200},"responseTime":19.956400003284216,"msg":"request completed"}
{"level":30,"time":1778989642938,"pid":25716,"hostname":"R7-5700-ASUS-A520","reqId":"req-n","req":{"method":"GET","url":"/api/fichas","hostname":"localhost"},"msg":"incoming request"}
{"level":30,"time":1778989642939,"pid":25716,"hostname":"R7-5700-ASUS-A520","reqId":"req-o","req":{"method":"GET","url":"/api/raps","hostname":"localhost"},"msg":"incoming request"}
{"level":30,"time":1778989642940,"pid":25716,"hostname":"R7-5700-ASUS-A520","reqId":"req-p","req":{"method":"GET","url":"/api/actas","hostname":"localhost"},"msg":"incoming request"}
{"level":30,"time":1778989642960,"pid":25716,"hostname":"R7-5700-ASUS-A520","reqId":"req-o","res":{"statusCode":422},"responseTime":20.92900000140071,"msg":"request completed"}
{"level":30,"time":1778989642962,"pid":25716,"hostname":"R7-5700-ASUS-A520","reqId":"req-p","res":{"statusCode":200},"responseTime":22.29610000178218,"msg":"request completed"}
{"level":30,"time":1778989642989,"pid":25716,"hostname":"R7-5700-ASUS-A520","reqId":"req-n","res":{"statusCode":200},"responseTime":50.713700000196695,"msg":"request completed"}
{"level":30,"time":1778989648975,"pid":25716,"hostname":"R7-5700-ASUS-A520","reqId":"req-q","req":{"method":"GET","url":"/fichas","hostname":"localhost"},"msg":"incoming request"}
{"level":30,"time":1778989648977,"pid":25716,"hostname":"R7-5700-ASUS-A520","reqId":"req-q","res":{"statusCode":200},"responseTime":1.639699999243021,"msg":"request completed"}
{"level":30,"time":1778989648988,"pid":25716,"hostname":"R7-5700-ASUS-A520","reqId":"req-r","req":{"method":"GET","url":"/assets/index-iPWnk9NW.css","hostname":"localhost"},"msg":"incoming request"}
{"level":30,"time":1778989648989,"pid":25716,"hostname":"R7-5700-ASUS-A520","reqId":"req-s","req":{"method":"GET","url":"/assets/index-CPle2G0m.js","hostname":"localhost"},"msg":"incoming request"}
{"level":30,"time":1778989648989,"pid":25716,"hostname":"R7-5700-ASUS-A520","reqId":"req-r","res":{"statusCode":304},"responseTime":0.8315999992191792,"msg":"request completed"}
{"level":30,"time":1778989648990,"pid":25716,"hostname":"R7-5700-ASUS-A520","reqId":"req-s","res":{"statusCode":304},"responseTime":0.904399998486042,"msg":"request completed"}
{"level":30,"time":1778989648999,"pid":25716,"hostname":"R7-5700-ASUS-A520","reqId":"req-t","req":{"method":"GET","url":"/api/fichas?incluirArchivadas=1","hostname":"localhost"},"msg":"incoming request"}
{"level":30,"time":1778989649010,"pid":25716,"hostname":"R7-5700-ASUS-A520","reqId":"req-u","req":{"method":"GET","url":"/vite.svg","hostname":"localhost"},"msg":"incoming request"}
{"level":30,"time":1778989649011,"pid":25716,"hostname":"R7-5700-ASUS-A520","reqId":"req-u","res":{"statusCode":304},"responseTime":0.6775000020861626,"msg":"request completed"}
{"level":30,"time":1778989649050,"pid":25716,"hostname":"R7-5700-ASUS-A520","reqId":"req-t","res":{"statusCode":200},"responseTime":50.89589999988675,"msg":"request completed"}
{"level":30,"time":1778989650850,"pid":25716,"hostname":"R7-5700-ASUS-A520","reqId":"req-v","req":{"method":"GET","url":"/api/evidencias/todas","hostname":"localhost"},"msg":"incoming request"}
{"level":30,"time":1778989650851,"pid":25716,"hostname":"R7-5700-ASUS-A520","reqId":"req-w","req":{"method":"GET","url":"/api/scan/status","hostname":"localhost"},"msg":"incoming request"}
{"level":30,"time":1778989650857,"pid":25716,"hostname":"R7-5700-ASUS-A520","reqId":"req-w","res":{"statusCode":200},"responseTime":6.265100002288818,"msg":"request completed"}
{"level":30,"time":1778989650919,"pid":25716,"hostname":"R7-5700-ASUS-A520","reqId":"req-v","res":{"statusCode":200},"responseTime":69.22919999808073,"msg":"request completed"}
{"level":30,"time":1778989654257,"pid":25716,"hostname":"R7-5700-ASUS-A520","reqId":"req-x","req":{"method":"GET","url":"/api/evidencias/activas","hostname":"localhost"},"msg":"incoming request"}
{"level":30,"time":1778989654274,"pid":25716,"hostname":"R7-5700-ASUS-A520","reqId":"req-x","res":{"statusCode":200},"responseTime":17.514800000935793,"msg":"request completed"}
{"level":30,"time":1778989663037,"pid":25716,"hostname":"R7-5700-ASUS-A520","reqId":"req-y","req":{"method":"GET","url":"/api/evidencias/cmp0j5drs038rthakz36y2pys/entregas","hostname":"localhost"},"msg":"incoming request"}
{"level":30,"time":1778989663048,"pid":25716,"hostname":"R7-5700-ASUS-A520","reqId":"req-y","res":{"statusCode":200},"responseTime":11.688200000673532,"msg":"request completed"}
{"level":30,"time":1778990015866,"pid":25716,"hostname":"R7-5700-ASUS-A520","reqId":"req-z","req":{"method":"GET","url":"/api/scan/status","hostname":"localhost"},"msg":"incoming request"}
{"level":30,"time":1778990015867,"pid":25716,"hostname":"R7-5700-ASUS-A520","reqId":"req-10","req":{"method":"GET","url":"/api/evidencias/activas","hostname":"localhost"},"msg":"incoming request"}
{"level":30,"time":1778990015867,"pid":25716,"hostname":"R7-5700-ASUS-A520","reqId":"req-11","req":{"method":"GET","url":"/api/evidencias/cmp0j5drs038rthakz36y2pys/entregas","hostname":"localhost"},"msg":"incoming request"}
{"level":30,"time":1778990015891,"pid":25716,"hostname":"R7-5700-ASUS-A520","reqId":"req-z","res":{"statusCode":200},"responseTime":24.937600001692772,"msg":"request completed"}
{"level":30,"time":1778990015907,"pid":25716,"hostname":"R7-5700-ASUS-A520","reqId":"req-10","res":{"statusCode":200},"responseTime":39.980000000447035,"msg":"request completed"}
{"level":30,"time":1778990015908,"pid":25716,"hostname":"R7-5700-ASUS-A520","reqId":"req-11","res":{"statusCode":200},"responseTime":40.79339999705553,"msg":"request completed"}
{"level":30,"time":1778990017695,"pid":25716,"hostname":"R7-5700-ASUS-A520","reqId":"req-12","req":{"method":"GET","url":"/dashboard","hostname":"localhost"},"msg":"incoming request"}
{"level":30,"time":1778990017697,"pid":25716,"hostname":"R7-5700-ASUS-A520","reqId":"req-12","res":{"statusCode":200},"responseTime":1.3476000018417835,"msg":"request completed"}
{"level":30,"time":1778990017714,"pid":25716,"hostname":"R7-5700-ASUS-A520","reqId":"req-13","req":{"method":"GET","url":"/assets/index-iPWnk9NW.css","hostname":"localhost"},"msg":"incoming request"}
{"level":30,"time":1778990017714,"pid":25716,"hostname":"R7-5700-ASUS-A520","reqId":"req-14","req":{"method":"GET","url":"/assets/index-CPle2G0m.js","hostname":"localhost"},"msg":"incoming request"}
{"level":30,"time":1778990017715,"pid":25716,"hostname":"R7-5700-ASUS-A520","reqId":"req-13","res":{"statusCode":304},"responseTime":0.8004000000655651,"msg":"request completed"}
{"level":30,"time":1778990017715,"pid":25716,"hostname":"R7-5700-ASUS-A520","reqId":"req-14","res":{"statusCode":304},"responseTime":0.8833999969065189,"msg":"request completed"}
{"level":30,"time":1778990017747,"pid":25716,"hostname":"R7-5700-ASUS-A520","reqId":"req-15","req":{"method":"GET","url":"/api/evidencias/activas","hostname":"localhost"},"msg":"incoming request"}
{"level":30,"time":1778990017747,"pid":25716,"hostname":"R7-5700-ASUS-A520","reqId":"req-16","req":{"method":"GET","url":"/api/scan/status","hostname":"localhost"},"msg":"incoming request"}
{"level":30,"time":1778990017753,"pid":25716,"hostname":"R7-5700-ASUS-A520","reqId":"req-17","req":{"method":"GET","url":"/vite.svg","hostname":"localhost"},"msg":"incoming request"}
{"level":30,"time":1778990017754,"pid":25716,"hostname":"R7-5700-ASUS-A520","reqId":"req-17","res":{"statusCode":304},"responseTime":0.7620000019669533,"msg":"request completed"}
{"level":30,"time":1778990017755,"pid":25716,"hostname":"R7-5700-ASUS-A520","reqId":"req-16","res":{"statusCode":200},"responseTime":7.205399997532368,"msg":"request completed"}
{"level":30,"time":1778990017768,"pid":25716,"hostname":"R7-5700-ASUS-A520","reqId":"req-15","res":{"statusCode":200},"responseTime":21.40929999947548,"msg":"request completed"}
{"level":30,"time":1778990022775,"pid":25716,"hostname":"R7-5700-ASUS-A520","reqId":"req-18","req":{"method":"GET","url":"/assets/index-iPWnk9NW.css","hostname":"localhost"},"msg":"incoming request"}
{"level":30,"time":1778990022776,"pid":25716,"hostname":"R7-5700-ASUS-A520","reqId":"req-18","res":{"statusCode":304},"responseTime":0.6096999980509281,"msg":"request completed"}
{"level":30,"time":1778990022804,"pid":25716,"hostname":"R7-5700-ASUS-A520","reqId":"req-19","req":{"method":"GET","url":"/.well-known/appspecific/com.chrome.devtools.json","hostname":"localhost"},"msg":"incoming request"}
{"level":30,"time":1778990022805,"pid":25716,"hostname":"R7-5700-ASUS-A520","reqId":"req-19","res":{"statusCode":200},"responseTime":0.9421999976038933,"msg":"request completed"}
{"level":30,"time":1778990025949,"pid":25716,"hostname":"R7-5700-ASUS-A520","reqId":"req-1a","req":{"method":"GET","url":"/dashboard","hostname":"localhost"},"msg":"incoming request"}
{"level":30,"time":1778990025950,"pid":25716,"hostname":"R7-5700-ASUS-A520","reqId":"req-1a","res":{"statusCode":200},"responseTime":0.9728999994695187,"msg":"request completed"}
{"level":30,"time":1778990025970,"pid":25716,"hostname":"R7-5700-ASUS-A520","reqId":"req-1b","req":{"method":"GET","url":"/.well-known/appspecific/com.chrome.devtools.json","hostname":"localhost"},"msg":"incoming request"}
{"level":30,"time":1778990025971,"pid":25716,"hostname":"R7-5700-ASUS-A520","reqId":"req-1c","req":{"method":"GET","url":"/assets/index-CPle2G0m.js","hostname":"localhost"},"msg":"incoming request"}
{"level":30,"time":1778990025972,"pid":25716,"hostname":"R7-5700-ASUS-A520","reqId":"req-1d","req":{"method":"GET","url":"/assets/index-iPWnk9NW.css","hostname":"localhost"},"msg":"incoming request"}
{"level":30,"time":1778990025972,"pid":25716,"hostname":"R7-5700-ASUS-A520","reqId":"req-1b","res":{"statusCode":200},"responseTime":1.8352000005543232,"msg":"request completed"}
{"level":30,"time":1778990025973,"pid":25716,"hostname":"R7-5700-ASUS-A520","reqId":"req-1d","res":{"statusCode":200},"responseTime":1.432499997317791,"msg":"request completed"}
{"level":30,"time":1778990025976,"pid":25716,"hostname":"R7-5700-ASUS-A520","reqId":"req-1c","res":{"statusCode":200},"responseTime":4.886700000613928,"msg":"request completed"}
{"level":30,"time":1778990026011,"pid":25716,"hostname":"R7-5700-ASUS-A520","reqId":"req-1e","req":{"method":"GET","url":"/api/evidencias/activas","hostname":"localhost"},"msg":"incoming request"}
{"level":30,"time":1778990026012,"pid":25716,"hostname":"R7-5700-ASUS-A520","reqId":"req-1f","req":{"method":"GET","url":"/api/scan/status","hostname":"localhost"},"msg":"incoming request"}
{"level":30,"time":1778990026015,"pid":25716,"hostname":"R7-5700-ASUS-A520","reqId":"req-1f","res":{"statusCode":200},"responseTime":3.464800000190735,"msg":"request completed"}
{"level":30,"time":1778990026021,"pid":25716,"hostname":"R7-5700-ASUS-A520","reqId":"req-1g","req":{"method":"GET","url":"/vite.svg","hostname":"localhost"},"msg":"incoming request"}
{"level":30,"time":1778990026021,"pid":25716,"hostname":"R7-5700-ASUS-A520","reqId":"req-1g","res":{"statusCode":200},"responseTime":0.8234999999403954,"msg":"request completed"}
{"level":30,"time":1778990026030,"pid":25716,"hostname":"R7-5700-ASUS-A520","reqId":"req-1e","res":{"statusCode":200},"responseTime":18.27810000255704,"msg":"request completed"}
{"level":30,"time":1778990029322,"pid":25716,"hostname":"R7-5700-ASUS-A520","reqId":"req-1h","req":{"method":"GET","url":"/api/fichas?incluirArchivadas=1","hostname":"localhost"},"msg":"incoming request"}
{"level":30,"time":1778990029374,"pid":25716,"hostname":"R7-5700-ASUS-A520","reqId":"req-1h","res":{"statusCode":200},"responseTime":51.60990000143647,"msg":"request completed"}
{"level":30,"time":1778990030363,"pid":25716,"hostname":"R7-5700-ASUS-A520","reqId":"req-1i","req":{"method":"GET","url":"/api/evidencias/todas","hostname":"localhost"},"msg":"incoming request"}
{"level":30,"time":1778990030426,"pid":25716,"hostname":"R7-5700-ASUS-A520","reqId":"req-1i","res":{"statusCode":200},"responseTime":63.250799998641014,"msg":"request completed"}
{"level":30,"time":1778990031642,"pid":25716,"hostname":"R7-5700-ASUS-A520","reqId":"req-1j","req":{"method":"GET","url":"/api/raps","hostname":"localhost"},"msg":"incoming request"}
{"level":30,"time":1778990031646,"pid":25716,"hostname":"R7-5700-ASUS-A520","reqId":"req-1j","res":{"statusCode":422},"responseTime":4.001499999314547,"msg":"request completed"}
{"level":30,"time":1778990033437,"pid":25716,"hostname":"R7-5700-ASUS-A520","reqId":"req-1k","req":{"method":"GET","url":"/api/matching/propuestas","hostname":"localhost"},"msg":"incoming request"}
{"level":30,"time":1778990033440,"pid":25716,"hostname":"R7-5700-ASUS-A520","reqId":"req-1k","res":{"statusCode":200},"responseTime":3.4747999981045723,"msg":"request completed"}
{"level":30,"time":1778990040796,"pid":25716,"hostname":"R7-5700-ASUS-A520","reqId":"req-1l","req":{"method":"POST","url":"/api/matching/iniciar","hostname":"localhost"},"msg":"incoming request"}
{"level":30,"time":1778990040853,"pid":25716,"hostname":"R7-5700-ASUS-A520","reqId":"req-1l","res":{"statusCode":202},"responseTime":56.95030000060797,"msg":"request completed"}
{"level":30,"time":1778990043863,"pid":25716,"hostname":"R7-5700-ASUS-A520","reqId":"req-1m","req":{"method":"GET","url":"/api/jobs/cmp98qkmb0001thuchwfuebsu","hostname":"localhost"},"msg":"incoming request"}
{"level":30,"time":1778990043866,"pid":25716,"hostname":"R7-5700-ASUS-A520","reqId":"req-1m","res":{"statusCode":200},"responseTime":3.028999999165535,"msg":"request completed"}
{"level":30,"time":1778990048498,"pid":25716,"hostname":"R7-5700-ASUS-A520","reqId":"req-1n","req":{"method":"GET","url":"/api/fichas","hostname":"localhost"},"msg":"incoming request"}
{"level":30,"time":1778990048499,"pid":25716,"hostname":"R7-5700-ASUS-A520","reqId":"req-1o","req":{"method":"GET","url":"/api/raps","hostname":"localhost"},"msg":"incoming request"}
{"level":30,"time":1778990048500,"pid":25716,"hostname":"R7-5700-ASUS-A520","reqId":"req-1p","req":{"method":"GET","url":"/api/actas","hostname":"localhost"},"msg":"incoming request"}
{"level":30,"time":1778990048503,"pid":25716,"hostname":"R7-5700-ASUS-A520","reqId":"req-1o","res":{"statusCode":422},"responseTime":4.17680000141263,"msg":"request completed"}
{"level":30,"time":1778990048507,"pid":25716,"hostname":"R7-5700-ASUS-A520","reqId":"req-1p","res":{"statusCode":200},"responseTime":6.702499996870756,"msg":"request completed"}
{"level":30,"time":1778990048546,"pid":25716,"hostname":"R7-5700-ASUS-A520","reqId":"req-1n","res":{"statusCode":200},"responseTime":47.889299999922514,"msg":"request completed"}
{"level":30,"time":1778990053947,"pid":25716,"hostname":"R7-5700-ASUS-A520","reqId":"req-1q","req":{"method":"GET","url":"/raps","hostname":"localhost"},"msg":"incoming request"}
{"level":30,"time":1778990053948,"pid":25716,"hostname":"R7-5700-ASUS-A520","reqId":"req-1q","res":{"statusCode":200},"responseTime":1.2650000005960464,"msg":"request completed"}
{"level":30,"time":1778990053963,"pid":25716,"hostname":"R7-5700-ASUS-A520","reqId":"req-1r","req":{"method":"GET","url":"/assets/index-CPle2G0m.js","hostname":"localhost"},"msg":"incoming request"}
{"level":30,"time":1778990053963,"pid":25716,"hostname":"R7-5700-ASUS-A520","reqId":"req-1s","req":{"method":"GET","url":"/assets/index-iPWnk9NW.css","hostname":"localhost"},"msg":"incoming request"}
{"level":30,"time":1778990053964,"pid":25716,"hostname":"R7-5700-ASUS-A520","reqId":"req-1r","res":{"statusCode":304},"responseTime":0.8440000005066395,"msg":"request completed"}
{"level":30,"time":1778990053964,"pid":25716,"hostname":"R7-5700-ASUS-A520","reqId":"req-1s","res":{"statusCode":304},"responseTime":0.9298000000417233,"msg":"request completed"}
{"level":30,"time":1778990053993,"pid":25716,"hostname":"R7-5700-ASUS-A520","reqId":"req-1t","req":{"method":"GET","url":"/api/raps","hostname":"localhost"},"msg":"incoming request"}
{"level":30,"time":1778990053995,"pid":25716,"hostname":"R7-5700-ASUS-A520","reqId":"req-1t","res":{"statusCode":422},"responseTime":2.0699000023305416,"msg":"request completed"}
{"level":30,"time":1778990054009,"pid":25716,"hostname":"R7-5700-ASUS-A520","reqId":"req-1u","req":{"method":"GET","url":"/vite.svg","hostname":"localhost"},"msg":"incoming request"}
{"level":30,"time":1778990054010,"pid":25716,"hostname":"R7-5700-ASUS-A520","reqId":"req-1u","res":{"statusCode":304},"responseTime":0.6975999996066093,"msg":"request completed"}
